// Jest Snapshot v1, https://goo.gl/fbAQLP

exports[`Navbar should render correctly 1`] = `
<DocumentFragment>
  <div
    class="navbar"
  >
    <div
      class="navbar-title page-padding"
    >
      <h2>
        The Artifact
      </h2>
    </div>
    <div
      class="navbar-subtitle page-padding"
    >
      <h4>
        <em>
          Culture & Art Blog
        </em>
      </h4>
    </div>
    <div
      class="navbar-links page-padding"
    >
      <div
        class="navbar-links-items"
      >
        Blog
      </div>
      <div
        class="navbar-links-items"
      >
        About
      </div>
      <div
        class="navbar-links-items"
      >
        Contact
      </div>
    </div>
  </div>
</DocumentFragment>
`;
